>> 1 line header: No module descriptor found. Derived automatic module. >>

org.junit.platform.surefire.provider@${platformVersion} automatic
requires java.base mandated
provides org.apache.maven.surefire.providerapi.SurefireProvider with org.junit.platform.surefire.provider.junitplatformprovider
contains org.junit.platform.surefire.provider
