org.junit.platform.testkit@${platformVersion} jar:file:.+junit-platform-testkit/build/libs/junit-platform-testkit-${platformVersion}.jar/!module-info.class
exports org.junit.platform.testkit.engine
requires java.base mandated
requires java.instrument
requires org.apiguardian.api transitive
requires org.assertj.core transitive
requires org.junit.platform.launcher transitive
requires org.opentest4j transitive
uses org.junit.platform.engine.TestEngine