>> 1 line header: No module descriptor found. Derived automatic module. >>

org.junit.platform.console@${platformVersion} automatic
requires java.base mandated
contains org.junit.platform.console
contains org.junit.platform.console.options
contains org.junit.platform.console.shadow.picocli
contains org.junit.platform.console.shadow.picocli.groovy
contains org.junit.platform.console.tasks
main-class org.junit.platform.console.ConsoleLauncher
