>> 1 line header: No module descriptor found. Derived automatic module. >>

org.junit.platform.launcher@${platformVersion} automatic
requires java.base mandated
contains org.junit.platform.launcher
contains org.junit.platform.launcher.core
contains org.junit.platform.launcher.listeners
contains org.junit.platform.launcher.tagexpression
