>> 1 line header: No module descriptor found. Derived automatic module. >>

org.junit.platform.runner@${platformVersion} automatic
requires java.base mandated
contains org.junit.platform.runner
