>> 1 line header: No module descriptor found. Derived automatic module. >>

org.junit.jupiter.engine@${jupiterVersion} automatic
requires java.base mandated
provides org.junit.platform.engine.TestEngine with org.junit.jupiter.engine.jupitertestengine
contains org.junit.jupiter.engine
contains org.junit.jupiter.engine.descriptor
contains org.junit.jupiter.engine.discovery
contains org.junit.jupiter.engine.discovery.predicates
contains org.junit.jupiter.engine.execution
contains org.junit.jupiter.engine.extension
contains org.junit.jupiter.engine.script
