>> 1 line header: No module descriptor found. Derived automatic module. >>

org.junit.platform.suite.api@${platformVersion} automatic
requires java.base mandated
contains org.junit.platform.suite.api
