>> 1 line header: No module descriptor found. Derived automatic module. >>

org.junit.jupiter.migrationsupport@${jupiterVersion} automatic
requires java.base mandated
contains org.junit.jupiter.migrationsupport.rules
contains org.junit.jupiter.migrationsupport.rules.adapter
contains org.junit.jupiter.migrationsupport.rules.member
